2019-09-14T14:43:34+00:00 INFO Require to run updater..Start Installation/ Update process
2019-09-14T14:43:34+00:00 INFO Needs DB Update?
2019-09-14T14:43:34+00:00 INFO Current DB Version: 4.1.13
2019-09-14T14:43:34+00:00 INFO Database update require. Start updating database
2019-09-14T14:43:34+00:00 INFO Do Update....
2019-09-14T14:43:35+00:00 INFO Current IG ES DB Version: 4.1.13
2019-09-14T14:43:35+00:00 INFO [Queue] ig_es_update_4115_add_form_submission_option
2019-09-14T14:43:35+00:00 INFO [Queue] ig_es_update_4115_migrate_db_update_history
2019-09-14T14:43:35+00:00 INFO [Queue] ig_es_update_4115_db_version
2019-09-14T14:43:35+00:00 INFO Yes, we have tasks to process
2019-09-14T14:43:35+00:00 INFO --------------------- Started To Run Task Again---------------------
2019-09-14T14:43:35+00:00 INFO [Processing] ig_es_update_4115_add_form_submission_option
2019-09-14T14:43:35+00:00 INFO --- Running Task - ig_es_update_4115_add_form_submission_option
2019-09-14T14:43:35+00:00 INFO --- Finished Task - ig_es_update_4115_add_form_submission_option 
2019-09-14T14:43:35+00:00 INFO [Processed] ig_es_update_4115_add_form_submission_option
2019-09-14T14:43:35+00:00 INFO [Processing] ig_es_update_4115_migrate_db_update_history
2019-09-14T14:43:35+00:00 INFO --- Running Task - ig_es_update_4115_migrate_db_update_history
2019-09-14T14:43:36+00:00 INFO --- Finished Task - ig_es_update_4115_migrate_db_update_history 
2019-09-14T14:43:36+00:00 INFO [Processed] ig_es_update_4115_migrate_db_update_history
2019-09-14T14:43:36+00:00 INFO [Processing] ig_es_update_4115_db_version
2019-09-14T14:43:36+00:00 INFO --- Running Task - ig_es_update_4115_db_version
2019-09-14T14:43:36+00:00 INFO --- Finished Task - ig_es_update_4115_db_version 
2019-09-14T14:43:36+00:00 INFO [Processed] ig_es_update_4115_db_version
